---
source: src/lib.rs
assertion_line: 130
expression: module.as_operation()
---
module {
}

