---
source: src/lib.rs
assertion_line: 198
expression: module.as_operation()
---
module {
  func.func @add(%arg0: i64, %arg1: i64) -> i64 {
    %0 = arith.addi %arg0, %arg1 : i64
    return %0 : i64
  }
}

