---
source: src/lib.rs
assertion_line: 141
expression: module.as_operation()
---
module {
}

